{"ts": "2026-06-01T15:07:33.553036+00:00", "user_id": "9209d440-87d0-4778-9e84-1fde13a77919", "action": "USER_REGISTER", "details": "role=mahasiswa", "ip": "127.0.0.1"}
{"ts": "2026-06-01T15:07:35.026934+00:00", "user_id": "9da616f3-472d-4260-9184-3018e013909c", "action": "USER_REGISTER", "details": "role=umkm", "ip": "127.0.0.1"}
{"ts": "2026-06-01T15:07:36.339623+00:00", "user_id": "testmhs@test.com", "action": "LOGIN_SUCCESS", "details": "", "ip": "127.0.0.1"}
{"ts": "2026-06-01T15:07:37.115557+00:00", "user_id": "testumkm@test.com", "action": "LOGIN_SUCCESS", "details": "", "ip": "127.0.0.1"}
{"ts": "2026-06-01T15:07:38.046643+00:00", "user_id": "admin@ipb.ac.id", "action": "LOGIN_SUCCESS", "details": "", "ip": "127.0.0.1"}
{"ts": "2026-06-01T15:07:38.980882+00:00", "user_id": "testmhs@test.com", "action": "LOGIN_FAILED", "details": "invalid_credentials", "ip": "127.0.0.1"}
{"ts": "2026-06-01T15:07:39.538089+00:00", "user_id": "9209d440-87d0-4778-9e84-1fde13a77919", "action": "ACCESS_GRANTED", "details": "role=mahasiswa", "ip": ""}
{"ts": "2026-06-01T15:07:40.319971+00:00", "user_id": "9209d440-87d0-4778-9e84-1fde13a77919", "action": "ACCESS_GRANTED", "details": "role=mahasiswa", "ip": ""}
{"ts": "2026-06-01T15:07:40.533750+00:00", "user_id": "9209d440-87d0-4778-9e84-1fde13a77919", "action": "PROFILE_UPDATE", "details": "fields=['nama']", "ip": ""}
{"ts": "2026-06-01T15:07:41.233304+00:00", "user_id": "9da616f3-472d-4260-9184-3018e013909c", "action": "ACCESS_GRANTED", "details": "role=umkm", "ip": ""}
{"ts": "2026-06-01T15:07:42.563627+00:00", "user_id": "9da616f3-472d-4260-9184-3018e013909c", "action": "ACCESS_GRANTED", "details": "role=umkm", "ip": ""}
{"ts": "2026-06-01T15:07:45.943239+00:00", "user_id": "9da616f3-472d-4260-9184-3018e013909c", "action": "ACCESS_GRANTED", "details": "role=umkm", "ip": ""}
{"ts": "2026-06-01T15:07:47.376871+00:00", "user_id": "9209d440-87d0-4778-9e84-1fde13a77919", "action": "ACCESS_GRANTED", "details": "role=mahasiswa", "ip": ""}
{"ts": "2026-06-01T15:07:47.377929+00:00", "user_id": "9209d440-87d0-4778-9e84-1fde13a77919", "action": "ACCESS_DENIED", "details": "required=['umkm', 'admin'], actual_role=mahasiswa", "ip": ""}
{"ts": "2026-06-01T15:07:48.184753+00:00", "user_id": "9da616f3-472d-4260-9184-3018e013909c", "action": "ACCESS_GRANTED", "details": "role=umkm", "ip": ""}
{"ts": "2026-06-01T15:07:49.345067+00:00", "user_id": "9da616f3-472d-4260-9184-3018e013909c", "action": "ACCESS_GRANTED", "details": "role=umkm", "ip": ""}
{"ts": "2026-06-01T15:07:51.475207+00:00", "user_id": "9da616f3-472d-4260-9184-3018e013909c", "action": "ACCESS_GRANTED", "details": "role=umkm", "ip": ""}
{"ts": "2026-06-01T15:07:52.496675+00:00", "user_id": "9209d440-87d0-4778-9e84-1fde13a77919", "action": "ACCESS_GRANTED", "details": "role=mahasiswa", "ip": ""}
{"ts": "2026-06-01T15:07:52.497687+00:00", "user_id": "9209d440-87d0-4778-9e84-1fde13a77919", "action": "ACCESS_DENIED", "details": "required=['umkm'], actual_role=mahasiswa", "ip": ""}
{"ts": "2026-06-01T15:07:53.319560+00:00", "user_id": "9209d440-87d0-4778-9e84-1fde13a77919", "action": "ACCESS_GRANTED", "details": "role=mahasiswa", "ip": ""}
{"ts": "2026-06-01T15:07:55.636262+00:00", "user_id": "9209d440-87d0-4778-9e84-1fde13a77919", "action": "ACCESS_GRANTED", "details": "role=mahasiswa", "ip": ""}
{"ts": "2026-06-01T15:07:56.493427+00:00", "user_id": "9209d440-87d0-4778-9e84-1fde13a77919", "action": "ACCESS_GRANTED", "details": "role=mahasiswa", "ip": ""}
{"ts": "2026-06-01T15:07:57.412172+00:00", "user_id": "9209d440-87d0-4778-9e84-1fde13a77919", "action": "ACCESS_GRANTED", "details": "role=mahasiswa", "ip": ""}
{"ts": "2026-06-01T15:07:58.148790+00:00", "user_id": "9da616f3-472d-4260-9184-3018e013909c", "action": "ACCESS_GRANTED", "details": "role=umkm", "ip": ""}
{"ts": "2026-06-01T15:07:58.948155+00:00", "user_id": "9da616f3-472d-4260-9184-3018e013909c", "action": "ACCESS_GRANTED", "details": "role=umkm", "ip": ""}
{"ts": "2026-06-01T15:07:59.799762+00:00", "user_id": "9da616f3-472d-4260-9184-3018e013909c", "action": "ACCESS_GRANTED", "details": "role=umkm", "ip": ""}
{"ts": "2026-06-01T15:08:01.099353+00:00", "user_id": "9da616f3-472d-4260-9184-3018e013909c", "action": "ACCESS_GRANTED", "details": "role=umkm", "ip": ""}
{"ts": "2026-06-01T15:08:03.351813+00:00", "user_id": "9209d440-87d0-4778-9e84-1fde13a77919", "action": "ACCESS_GRANTED", "details": "role=mahasiswa", "ip": ""}
{"ts": "2026-06-01T15:08:04.580305+00:00", "user_id": "9209d440-87d0-4778-9e84-1fde13a77919", "action": "ACCESS_GRANTED", "details": "role=mahasiswa", "ip": ""}
{"ts": "2026-06-01T15:08:07.961768+00:00", "user_id": "hanif@apps.ipb.ac.id", "action": "LOGIN_SUCCESS", "details": "", "ip": "127.0.0.1"}
{"ts": "2026-06-01T15:08:08.492600+00:00", "user_id": "9d013d3e-58d9-41f7-be40-abc06128bb07", "action": "ACCESS_GRANTED", "details": "role=umkm", "ip": ""}
{"ts": "2026-06-01T15:08:10.518401+00:00", "user_id": "9da616f3-472d-4260-9184-3018e013909c", "action": "ACCESS_GRANTED", "details": "role=umkm", "ip": ""}
{"ts": "2026-06-01T15:08:11.682978+00:00", "user_id": "9da616f3-472d-4260-9184-3018e013909c", "action": "ACCESS_GRANTED", "details": "role=umkm", "ip": ""}
{"ts": "2026-06-01T15:08:12.566866+00:00", "user_id": "9da616f3-472d-4260-9184-3018e013909c", "action": "ACCESS_GRANTED", "details": "role=umkm", "ip": ""}
{"ts": "2026-06-01T15:08:14.717553+00:00", "user_id": "1398b9c5-869f-4e83-b425-c1f1471fba7e", "action": "ACCESS_GRANTED", "details": "role=admin", "ip": ""}
{"ts": "2026-06-01T15:08:16.170542+00:00", "user_id": "9209d440-87d0-4778-9e84-1fde13a77919", "action": "ACCESS_GRANTED", "details": "role=mahasiswa", "ip": ""}
{"ts": "2026-06-01T15:08:16.171542+00:00", "user_id": "9209d440-87d0-4778-9e84-1fde13a77919", "action": "ACCESS_DENIED", "details": "required=['admin'], actual_role=mahasiswa", "ip": ""}
{"ts": "2026-06-01T15:08:16.870098+00:00", "user_id": "1398b9c5-869f-4e83-b425-c1f1471fba7e", "action": "ACCESS_GRANTED", "details": "role=admin", "ip": ""}
{"ts": "2026-06-01T15:08:17.717593+00:00", "user_id": "1398b9c5-869f-4e83-b425-c1f1471fba7e", "action": "ACCESS_GRANTED", "details": "role=admin", "ip": ""}
{"ts": "2026-06-01T15:08:18.405079+00:00", "user_id": "1398b9c5-869f-4e83-b425-c1f1471fba7e", "action": "ACCESS_GRANTED", "details": "role=admin", "ip": ""}
{"ts": "2026-06-01T15:08:19.325227+00:00", "user_id": "9da616f3-472d-4260-9184-3018e013909c", "action": "ACCESS_GRANTED", "details": "role=umkm", "ip": ""}
{"ts": "2026-06-01T15:08:20.394668+00:00", "user_id": "9209d440-87d0-4778-9e84-1fde13a77919", "action": "ACCESS_GRANTED", "details": "role=mahasiswa", "ip": ""}
{"ts": "2026-06-01T15:08:21.100305+00:00", "user_id": "9da616f3-472d-4260-9184-3018e013909c", "action": "ACCESS_GRANTED", "details": "role=umkm", "ip": ""}
{"ts": "2026-06-01T15:10:19.967725+00:00", "user_id": "testmhs@test.com", "action": "LOGIN_SUCCESS", "details": "", "ip": "127.0.0.1"}
{"ts": "2026-06-01T15:10:21.180491+00:00", "user_id": "testumkm@test.com", "action": "LOGIN_SUCCESS", "details": "", "ip": "127.0.0.1"}
{"ts": "2026-06-01T15:10:21.924368+00:00", "user_id": "admin@ipb.ac.id", "action": "LOGIN_SUCCESS", "details": "", "ip": "127.0.0.1"}
{"ts": "2026-06-01T15:10:23.108692+00:00", "user_id": "mirza@apps.ipb.ac.id", "action": "LOGIN_SUCCESS", "details": "", "ip": "127.0.0.1"}
{"ts": "2026-06-01T15:10:24.340091+00:00", "user_id": "testmhs@test.com", "action": "LOGIN_FAILED", "details": "invalid_credentials", "ip": "127.0.0.1"}
{"ts": "2026-06-01T15:10:25.176716+00:00", "user_id": "9209d440-87d0-4778-9e84-1fde13a77919", "action": "ACCESS_GRANTED", "details": "role=mahasiswa", "ip": ""}
{"ts": "2026-06-01T15:10:26.306453+00:00", "user_id": "9209d440-87d0-4778-9e84-1fde13a77919", "action": "ACCESS_GRANTED", "details": "role=mahasiswa", "ip": ""}
{"ts": "2026-06-01T15:10:26.712014+00:00", "user_id": "9209d440-87d0-4778-9e84-1fde13a77919", "action": "PROFILE_UPDATE", "details": "fields=['nama']", "ip": ""}
{"ts": "2026-06-01T15:10:27.531810+00:00", "user_id": "9da616f3-472d-4260-9184-3018e013909c", "action": "ACCESS_GRANTED", "details": "role=umkm", "ip": ""}
{"ts": "2026-06-01T15:10:28.353588+00:00", "user_id": "9da616f3-472d-4260-9184-3018e013909c", "action": "ACCESS_GRANTED", "details": "role=umkm", "ip": ""}
{"ts": "2026-06-01T15:10:37.245117+00:00", "user_id": "9209d440-87d0-4778-9e84-1fde13a77919", "action": "ACCESS_GRANTED", "details": "role=mahasiswa", "ip": ""}
{"ts": "2026-06-01T15:10:38.181127+00:00", "user_id": "9209d440-87d0-4778-9e84-1fde13a77919", "action": "ACCESS_GRANTED", "details": "role=mahasiswa", "ip": ""}
{"ts": "2026-06-01T15:10:38.716513+00:00", "user_id": "9209d440-87d0-4778-9e84-1fde13a77919", "action": "ACCESS_GRANTED", "details": "role=mahasiswa", "ip": ""}
{"ts": "2026-06-01T15:10:41.664472+00:00", "user_id": "9da616f3-472d-4260-9184-3018e013909c", "action": "ACCESS_GRANTED", "details": "role=umkm", "ip": ""}
{"ts": "2026-06-01T15:10:44.109602+00:00", "user_id": "9209d440-87d0-4778-9e84-1fde13a77919", "action": "ACCESS_GRANTED", "details": "role=mahasiswa", "ip": ""}
{"ts": "2026-06-01T15:10:45.349213+00:00", "user_id": "9209d440-87d0-4778-9e84-1fde13a77919", "action": "ACCESS_GRANTED", "details": "role=mahasiswa", "ip": ""}
{"ts": "2026-06-01T15:10:48.011667+00:00", "user_id": "budi@apps.ipb.ac.id", "action": "LOGIN_SUCCESS", "details": "", "ip": "127.0.0.1"}
{"ts": "2026-06-01T15:10:48.591382+00:00", "user_id": "5cb4b030-6557-4288-8dee-ee7fe7c67e00", "action": "ACCESS_GRANTED", "details": "role=umkm", "ip": ""}
{"ts": "2026-06-01T15:10:51.187515+00:00", "user_id": "9da616f3-472d-4260-9184-3018e013909c", "action": "ACCESS_GRANTED", "details": "role=umkm", "ip": ""}
{"ts": "2026-06-01T15:10:52.143571+00:00", "user_id": "9da616f3-472d-4260-9184-3018e013909c", "action": "ACCESS_GRANTED", "details": "role=umkm", "ip": ""}
{"ts": "2026-06-01T15:10:52.549833+00:00", "user_id": "9da616f3-472d-4260-9184-3018e013909c", "action": "ACCESS_GRANTED", "details": "role=umkm", "ip": ""}
{"ts": "2026-06-01T15:10:53.898992+00:00", "user_id": "1398b9c5-869f-4e83-b425-c1f1471fba7e", "action": "ACCESS_GRANTED", "details": "role=admin", "ip": ""}
{"ts": "2026-06-01T15:10:54.660304+00:00", "user_id": "9209d440-87d0-4778-9e84-1fde13a77919", "action": "ACCESS_GRANTED", "details": "role=mahasiswa", "ip": ""}
{"ts": "2026-06-01T15:10:54.661310+00:00", "user_id": "9209d440-87d0-4778-9e84-1fde13a77919", "action": "ACCESS_DENIED", "details": "required=['admin'], actual_role=mahasiswa", "ip": ""}
{"ts": "2026-06-01T15:10:55.080728+00:00", "user_id": "1398b9c5-869f-4e83-b425-c1f1471fba7e", "action": "ACCESS_GRANTED", "details": "role=admin", "ip": ""}
{"ts": "2026-06-01T15:10:55.654441+00:00", "user_id": "1398b9c5-869f-4e83-b425-c1f1471fba7e", "action": "ACCESS_GRANTED", "details": "role=admin", "ip": ""}
{"ts": "2026-06-01T15:10:56.129077+00:00", "user_id": "1398b9c5-869f-4e83-b425-c1f1471fba7e", "action": "ACCESS_GRANTED", "details": "role=admin", "ip": ""}
{"ts": "2026-06-01T15:10:56.665171+00:00", "user_id": "9da616f3-472d-4260-9184-3018e013909c", "action": "ACCESS_GRANTED", "details": "role=umkm", "ip": ""}
{"ts": "2026-06-01T15:10:57.126949+00:00", "user_id": "9209d440-87d0-4778-9e84-1fde13a77919", "action": "ACCESS_GRANTED", "details": "role=mahasiswa", "ip": ""}
{"ts": "2026-06-01T15:14:30.118529+00:00", "user_id": "8d00741c-880b-4e52-9b38-a4710c3ccb72", "action": "USER_REGISTER", "details": "role=mahasiswa", "ip": "127.0.0.1"}
{"ts": "2026-06-01T15:14:31.685670+00:00", "user_id": "f39f2cb2-9c0a-4da3-8ed2-d28d6d7933f7", "action": "USER_REGISTER", "details": "role=umkm", "ip": "127.0.0.1"}
{"ts": "2026-06-01T15:14:33.568106+00:00", "user_id": "testmhs326868@test.com", "action": "LOGIN_SUCCESS", "details": "", "ip": "127.0.0.1"}
{"ts": "2026-06-01T15:14:34.812258+00:00", "user_id": "testumkm326868@test.com", "action": "LOGIN_SUCCESS", "details": "", "ip": "127.0.0.1"}
{"ts": "2026-06-01T15:14:36.037775+00:00", "user_id": "admin@ipb.ac.id", "action": "LOGIN_SUCCESS", "details": "", "ip": "127.0.0.1"}
{"ts": "2026-06-01T15:14:37.066226+00:00", "user_id": "mirza@apps.ipb.ac.id", "action": "LOGIN_SUCCESS", "details": "", "ip": "127.0.0.1"}
{"ts": "2026-06-01T15:14:38.183870+00:00", "user_id": "testmhs326868@test.com", "action": "LOGIN_FAILED", "details": "invalid_credentials", "ip": "127.0.0.1"}
{"ts": "2026-06-01T15:14:38.658974+00:00", "user_id": "8d00741c-880b-4e52-9b38-a4710c3ccb72", "action": "ACCESS_GRANTED", "details": "role=mahasiswa", "ip": ""}
{"ts": "2026-06-01T15:14:39.714439+00:00", "user_id": "8d00741c-880b-4e52-9b38-a4710c3ccb72", "action": "ACCESS_GRANTED", "details": "role=mahasiswa", "ip": ""}
{"ts": "2026-06-01T15:14:39.883097+00:00", "user_id": "8d00741c-880b-4e52-9b38-a4710c3ccb72", "action": "PROFILE_UPDATE", "details": "fields=['nama']", "ip": ""}
{"ts": "2026-06-01T15:14:40.225694+00:00", "user_id": "f39f2cb2-9c0a-4da3-8ed2-d28d6d7933f7", "action": "ACCESS_GRANTED", "details": "role=umkm", "ip": ""}
{"ts": "2026-06-01T15:14:41.691377+00:00", "user_id": "f39f2cb2-9c0a-4da3-8ed2-d28d6d7933f7", "action": "ACCESS_GRANTED", "details": "role=umkm", "ip": ""}
{"ts": "2026-06-01T15:14:45.377187+00:00", "user_id": "f39f2cb2-9c0a-4da3-8ed2-d28d6d7933f7", "action": "ACCESS_GRANTED", "details": "role=umkm", "ip": ""}
{"ts": "2026-06-01T15:14:46.811227+00:00", "user_id": "8d00741c-880b-4e52-9b38-a4710c3ccb72", "action": "ACCESS_GRANTED", "details": "role=mahasiswa", "ip": ""}
{"ts": "2026-06-01T15:14:46.813227+00:00", "user_id": "8d00741c-880b-4e52-9b38-a4710c3ccb72", "action": "ACCESS_DENIED", "details": "required=['umkm', 'admin'], actual_role=mahasiswa", "ip": ""}
{"ts": "2026-06-01T15:14:47.632981+00:00", "user_id": "f39f2cb2-9c0a-4da3-8ed2-d28d6d7933f7", "action": "ACCESS_GRANTED", "details": "role=umkm", "ip": ""}
{"ts": "2026-06-01T15:14:48.859027+00:00", "user_id": "f39f2cb2-9c0a-4da3-8ed2-d28d6d7933f7", "action": "ACCESS_GRANTED", "details": "role=umkm", "ip": ""}
{"ts": "2026-06-01T15:14:51.464567+00:00", "user_id": "f39f2cb2-9c0a-4da3-8ed2-d28d6d7933f7", "action": "ACCESS_GRANTED", "details": "role=umkm", "ip": ""}
{"ts": "2026-06-01T15:14:52.210637+00:00", "user_id": "8d00741c-880b-4e52-9b38-a4710c3ccb72", "action": "ACCESS_GRANTED", "details": "role=mahasiswa", "ip": ""}
{"ts": "2026-06-01T15:14:52.210637+00:00", "user_id": "8d00741c-880b-4e52-9b38-a4710c3ccb72", "action": "ACCESS_DENIED", "details": "required=['umkm'], actual_role=mahasiswa", "ip": ""}
{"ts": "2026-06-01T15:14:52.700040+00:00", "user_id": "8d00741c-880b-4e52-9b38-a4710c3ccb72", "action": "ACCESS_GRANTED", "details": "role=mahasiswa", "ip": ""}
{"ts": "2026-06-01T15:14:54.118916+00:00", "user_id": "8d00741c-880b-4e52-9b38-a4710c3ccb72", "action": "ACCESS_GRANTED", "details": "role=mahasiswa", "ip": ""}
{"ts": "2026-06-01T15:14:54.707512+00:00", "user_id": "8d00741c-880b-4e52-9b38-a4710c3ccb72", "action": "ACCESS_GRANTED", "details": "role=mahasiswa", "ip": ""}
{"ts": "2026-06-01T15:14:55.174136+00:00", "user_id": "8d00741c-880b-4e52-9b38-a4710c3ccb72", "action": "ACCESS_GRANTED", "details": "role=mahasiswa", "ip": ""}
{"ts": "2026-06-01T15:14:55.732647+00:00", "user_id": "f39f2cb2-9c0a-4da3-8ed2-d28d6d7933f7", "action": "ACCESS_GRANTED", "details": "role=umkm", "ip": ""}
{"ts": "2026-06-01T15:14:56.316221+00:00", "user_id": "f2d843e1-66b1-4dc7-a0af-3cc12dc30020", "action": "ACCESS_GRANTED", "details": "role=mahasiswa", "ip": ""}
{"ts": "2026-06-01T15:14:56.630246+00:00", "user_id": "f39f2cb2-9c0a-4da3-8ed2-d28d6d7933f7", "action": "ACCESS_GRANTED", "details": "role=umkm", "ip": ""}
{"ts": "2026-06-01T15:14:57.255810+00:00", "user_id": "f39f2cb2-9c0a-4da3-8ed2-d28d6d7933f7", "action": "ACCESS_GRANTED", "details": "role=umkm", "ip": ""}
{"ts": "2026-06-01T15:14:58.690311+00:00", "user_id": "f39f2cb2-9c0a-4da3-8ed2-d28d6d7933f7", "action": "ACCESS_GRANTED", "details": "role=umkm", "ip": ""}
{"ts": "2026-06-01T15:15:00.789333+00:00", "user_id": "8d00741c-880b-4e52-9b38-a4710c3ccb72", "action": "ACCESS_GRANTED", "details": "role=mahasiswa", "ip": ""}
{"ts": "2026-06-01T15:15:01.967075+00:00", "user_id": "8d00741c-880b-4e52-9b38-a4710c3ccb72", "action": "ACCESS_GRANTED", "details": "role=mahasiswa", "ip": ""}
{"ts": "2026-06-01T15:15:05.217519+00:00", "user_id": "budi@apps.ipb.ac.id", "action": "LOGIN_SUCCESS", "details": "", "ip": "127.0.0.1"}
{"ts": "2026-06-01T15:15:06.062847+00:00", "user_id": "5cb4b030-6557-4288-8dee-ee7fe7c67e00", "action": "ACCESS_GRANTED", "details": "role=umkm", "ip": ""}
{"ts": "2026-06-01T15:15:08.460819+00:00", "user_id": "f39f2cb2-9c0a-4da3-8ed2-d28d6d7933f7", "action": "ACCESS_GRANTED", "details": "role=umkm", "ip": ""}
{"ts": "2026-06-01T15:15:09.544587+00:00", "user_id": "f39f2cb2-9c0a-4da3-8ed2-d28d6d7933f7", "action": "ACCESS_GRANTED", "details": "role=umkm", "ip": ""}
{"ts": "2026-06-01T15:15:10.216218+00:00", "user_id": "f39f2cb2-9c0a-4da3-8ed2-d28d6d7933f7", "action": "ACCESS_GRANTED", "details": "role=umkm", "ip": ""}
{"ts": "2026-06-01T15:15:12.617015+00:00", "user_id": "1398b9c5-869f-4e83-b425-c1f1471fba7e", "action": "ACCESS_GRANTED", "details": "role=admin", "ip": ""}
{"ts": "2026-06-01T15:15:14.071734+00:00", "user_id": "8d00741c-880b-4e52-9b38-a4710c3ccb72", "action": "ACCESS_GRANTED", "details": "role=mahasiswa", "ip": ""}
{"ts": "2026-06-01T15:15:14.072736+00:00", "user_id": "8d00741c-880b-4e52-9b38-a4710c3ccb72", "action": "ACCESS_DENIED", "details": "required=['admin'], actual_role=mahasiswa", "ip": ""}
{"ts": "2026-06-01T15:15:14.666572+00:00", "user_id": "1398b9c5-869f-4e83-b425-c1f1471fba7e", "action": "ACCESS_GRANTED", "details": "role=admin", "ip": ""}
{"ts": "2026-06-01T15:15:15.689626+00:00", "user_id": "1398b9c5-869f-4e83-b425-c1f1471fba7e", "action": "ACCESS_GRANTED", "details": "role=admin", "ip": ""}
{"ts": "2026-06-01T15:15:16.508426+00:00", "user_id": "1398b9c5-869f-4e83-b425-c1f1471fba7e", "action": "ACCESS_GRANTED", "details": "role=admin", "ip": ""}
{"ts": "2026-06-01T15:15:17.327516+00:00", "user_id": "f39f2cb2-9c0a-4da3-8ed2-d28d6d7933f7", "action": "ACCESS_GRANTED", "details": "role=umkm", "ip": ""}
{"ts": "2026-06-01T15:15:17.923027+00:00", "user_id": "8d00741c-880b-4e52-9b38-a4710c3ccb72", "action": "ACCESS_GRANTED", "details": "role=mahasiswa", "ip": ""}
{"ts": "2026-06-01T15:15:18.218395+00:00", "user_id": "f39f2cb2-9c0a-4da3-8ed2-d28d6d7933f7", "action": "ACCESS_GRANTED", "details": "role=umkm", "ip": ""}
